// Vitest Snapshot v1, https://vitest.dev/guide/snapshot.html

exports[`asfd > asdffads 1`] = `
<div>
  <div>
    Hello
  </div>
</div>
`;
